✔ banco.db criado
✔ Tabelas de compra de dívida criadas.
🔥 FLASK INICIANDO...
✔ banco.db criado
COLUNAS DA TABELA AVISOS: ['id', 'titulo', 'mensagem', 'criado_em', 'categoria']
 * Serving Flask app 'app'
 * Debug mode: off
✔ banco.db criado
✔ Tabelas de compra de dívida criadas.
🔥 FLASK INICIANDO...
✔ banco.db criado
COLUNAS DA TABELA AVISOS: ['id', 'titulo', 'mensagem', 'criado_em', 'categoria']
 * Serving Flask app 'app'
 * Debug mode: off
✔ banco.db criado
✔ Tabelas de compra de dívida criadas.
🔥 FLASK INICIANDO...
✔ banco.db criado
COLUNAS DA TABELA AVISOS: ['id', 'titulo', 'mensagem', 'criado_em', 'categoria']
 * Serving Flask app 'app'
 * Debug mode: off
✔ banco.db criado
✔ Tabelas de compra de dívida criadas.
🔥 FLASK INICIANDO...
✔ banco.db criado
COLUNAS DA TABELA AVISOS: ['id', 'titulo', 'mensagem', 'criado_em', 'categoria']
 * Serving Flask app 'app'
 * Debug mode: off
